Simulator report for thunderbird
Thu Oct 10 14:28:45 2019
Quartus II 64-Bit Version 13.0.1 Build 232 06/12/2013 Service Pack 1 SJ Web Edition


---------------------
; Table of Contents ;
---------------------
  1. Legal Notice
  2. Simulator Summary
  3. Simulator Settings
  4. Simulation Waveforms
  5. Coverage Summary
  6. Complete 1/0-Value Coverage
  7. Missing 1-Value Coverage
  8. Missing 0-Value Coverage
  9. Simulator INI Usage
 10. Simulator Messages



----------------
; Legal Notice ;
----------------
Copyright (C) 1991-2013 Altera Corporation
Your use of Altera Corporation's design tools, logic functions 
and other software and tools, and its AMPP partner logic 
functions, and any output files from any of the foregoing 
(including device programming or simulation files), and any 
associated documentation or information are expressly subject 
to the terms and conditions of the Altera Program License 
Subscription Agreement, Altera MegaCore Function License 
Agreement, or other applicable license agreement, including, 
without limitation, that your use is for the sole purpose of 
programming logic devices manufactured by Altera and sold by 
Altera or its authorized distributors.  Please refer to the 
applicable agreement for further details.



+--------------------------------------------+
; Simulator Summary                          ;
+-----------------------------+--------------+
; Type                        ; Value        ;
+-----------------------------+--------------+
; Simulation Start Time       ; 0 ps         ;
; Simulation End Time         ; 1.0 us       ;
; Simulation Netlist Size     ; 278 nodes    ;
; Simulation Coverage         ;      77.04 % ;
; Total Number of Transitions ; 1373         ;
; Simulation Breakpoints      ; 0            ;
; Family                      ; Cyclone II   ;
+-----------------------------+--------------+


+--------------------------------------------------------------------------------------------------------------------------------------------------------------------------------------------------------------------------------------+
; Simulator Settings                                                                                                                                                                                                                   ;
+--------------------------------------------------------------------------------------------+-------------------------------------------------------------------------------------------------------------------------+---------------+
; Option                                                                                     ; Setting                                                                                                                 ; Default Value ;
+--------------------------------------------------------------------------------------------+-------------------------------------------------------------------------------------------------------------------------+---------------+
; Simulation mode                                                                            ; Functional                                                                                                              ; Timing        ;
; Start time                                                                                 ; 0 ns                                                                                                                    ; 0 ns          ;
; Simulation results format                                                                  ; VWF                                                                                                                     ;               ;
; Vector input source                                                                        ; D:/Users/geral/Documents/UNICAMP/Matérias/2019-2S/EB411 - Circuitos Digitais II/Mini_Projetos/thunderbird/Waveform2.vwf ;               ;
; Add pins automatically to simulation output waveforms                                      ; On                                                                                                                      ; On            ;
; Check outputs                                                                              ; Off                                                                                                                     ; Off           ;
; Report simulation coverage                                                                 ; On                                                                                                                      ; On            ;
; Display complete 1/0 value coverage report                                                 ; On                                                                                                                      ; On            ;
; Display missing 1-value coverage report                                                    ; On                                                                                                                      ; On            ;
; Display missing 0-value coverage report                                                    ; On                                                                                                                      ; On            ;
; Detect setup and hold time violations                                                      ; Off                                                                                                                     ; Off           ;
; Detect glitches                                                                            ; Off                                                                                                                     ; Off           ;
; Disable timing delays in Timing Simulation                                                 ; Off                                                                                                                     ; Off           ;
; Generate Signal Activity File                                                              ; Off                                                                                                                     ; Off           ;
; Generate VCD File for PowerPlay Power Analyzer                                             ; Off                                                                                                                     ; Off           ;
; Group bus channels in simulation results                                                   ; Off                                                                                                                     ; Off           ;
; Preserve fewer signal transitions to reduce memory requirements                            ; On                                                                                                                      ; On            ;
; Trigger vector comparison with the specified mode                                          ; INPUT_EDGE                                                                                                              ; INPUT_EDGE    ;
; Disable setup and hold time violations detection in input registers of bi-directional pins ; Off                                                                                                                     ; Off           ;
; Overwrite Waveform Inputs With Simulation Outputs                                          ; Off                                                                                                                     ;               ;
; Perform Glitch Filtering in Timing Simulation                                              ; Auto                                                                                                                    ; Auto          ;
+--------------------------------------------------------------------------------------------+-------------------------------------------------------------------------------------------------------------------------+---------------+


+----------------------+
; Simulation Waveforms ;
+----------------------+
Waveform report data cannot be output to ASCII.
Please use Quartus II 64-Bit to view the waveform report data.


+--------------------------------------------------------------------+
; Coverage Summary                                                   ;
+-----------------------------------------------------+--------------+
; Type                                                ; Value        ;
+-----------------------------------------------------+--------------+
; Total coverage as a percentage                      ;      77.04 % ;
; Total nodes checked                                 ; 278          ;
; Total output ports checked                          ; 270          ;
; Total output ports with complete 1/0-value coverage ; 208          ;
; Total output ports with no 1/0-value coverage       ; 62           ;
; Total output ports with no 1-value coverage         ; 62           ;
; Total output ports with no 0-value coverage         ; 62           ;
+-----------------------------------------------------+--------------+


The following table displays output ports that toggle between 1 and 0 during simulation.
+----------------------------------------------------------------------------------------------------------------------------------------------------------+
; Complete 1/0-Value Coverage                                                                                                                              ;
+-------------------------------------------------------------------+-------------------------------------------------------------------+------------------+
; Node Name                                                         ; Output Port Name                                                  ; Output Port Type ;
+-------------------------------------------------------------------+-------------------------------------------------------------------+------------------+
; |Thunderbird|LEDR[7]~reg0                                         ; |Thunderbird|LEDR[7]~reg0                                         ; regout           ;
; |Thunderbird|LEDG~0                                               ; |Thunderbird|LEDG~0                                               ; out              ;
; |Thunderbird|LEDG~1                                               ; |Thunderbird|LEDG~1                                               ; out              ;
; |Thunderbird|LEDG~2                                               ; |Thunderbird|LEDG~2                                               ; out              ;
; |Thunderbird|LEDG~3                                               ; |Thunderbird|LEDG~3                                               ; out              ;
; |Thunderbird|LEDG~4                                               ; |Thunderbird|LEDG~4                                               ; out              ;
; |Thunderbird|LEDG~5                                               ; |Thunderbird|LEDG~5                                               ; out              ;
; |Thunderbird|LEDG~6                                               ; |Thunderbird|LEDG~6                                               ; out              ;
; |Thunderbird|LEDG~7                                               ; |Thunderbird|LEDG~7                                               ; out              ;
; |Thunderbird|LEDG~8                                               ; |Thunderbird|LEDG~8                                               ; out              ;
; |Thunderbird|LEDG~9                                               ; |Thunderbird|LEDG~9                                               ; out              ;
; |Thunderbird|LEDG~10                                              ; |Thunderbird|LEDG~10                                              ; out              ;
; |Thunderbird|LEDG~11                                              ; |Thunderbird|LEDG~11                                              ; out              ;
; |Thunderbird|LEDR~0                                               ; |Thunderbird|LEDR~0                                               ; out              ;
; |Thunderbird|LEDR~1                                               ; |Thunderbird|LEDR~1                                               ; out              ;
; |Thunderbird|LEDR~2                                               ; |Thunderbird|LEDR~2                                               ; out              ;
; |Thunderbird|LEDR~3                                               ; |Thunderbird|LEDR~3                                               ; out              ;
; |Thunderbird|LEDR~4                                               ; |Thunderbird|LEDR~4                                               ; out              ;
; |Thunderbird|LEDR~5                                               ; |Thunderbird|LEDR~5                                               ; out              ;
; |Thunderbird|LEDR~6                                               ; |Thunderbird|LEDR~6                                               ; out              ;
; |Thunderbird|LEDR~7                                               ; |Thunderbird|LEDR~7                                               ; out              ;
; |Thunderbird|LEDR~8                                               ; |Thunderbird|LEDR~8                                               ; out              ;
; |Thunderbird|LEDR~9                                               ; |Thunderbird|LEDR~9                                               ; out              ;
; |Thunderbird|LEDR~10                                              ; |Thunderbird|LEDR~10                                              ; out              ;
; |Thunderbird|LEDR~11                                              ; |Thunderbird|LEDR~11                                              ; out              ;
; |Thunderbird|LEDR[8]~reg0                                         ; |Thunderbird|LEDR[8]~reg0                                         ; regout           ;
; |Thunderbird|LEDR[9]~reg0                                         ; |Thunderbird|LEDR[9]~reg0                                         ; regout           ;
; |Thunderbird|LEDG[0]~reg0                                         ; |Thunderbird|LEDG[0]~reg0                                         ; regout           ;
; |Thunderbird|LEDG[1]~reg0                                         ; |Thunderbird|LEDG[1]~reg0                                         ; regout           ;
; |Thunderbird|LEDG[2]~reg0                                         ; |Thunderbird|LEDG[2]~reg0                                         ; regout           ;
; |Thunderbird|temp                                                 ; |Thunderbird|temp                                                 ; regout           ;
; |Thunderbird|SW[0]                                                ; |Thunderbird|SW[0]                                                ; out              ;
; |Thunderbird|SW[1]                                                ; |Thunderbird|SW[1]                                                ; out              ;
; |Thunderbird|LEDR[7]                                              ; |Thunderbird|LEDR[7]                                              ; pin_out          ;
; |Thunderbird|LEDR[8]                                              ; |Thunderbird|LEDR[8]                                              ; pin_out          ;
; |Thunderbird|LEDR[9]                                              ; |Thunderbird|LEDR[9]                                              ; pin_out          ;
; |Thunderbird|LEDG[0]                                              ; |Thunderbird|LEDG[0]                                              ; pin_out          ;
; |Thunderbird|LEDG[1]                                              ; |Thunderbird|LEDG[1]                                              ; pin_out          ;
; |Thunderbird|LEDG[2]                                              ; |Thunderbird|LEDG[2]                                              ; pin_out          ;
; |Thunderbird|CLOCK_50                                             ; |Thunderbird|CLOCK_50                                             ; out              ;
; |Thunderbird|Equal0~0                                             ; |Thunderbird|Equal0~0                                             ; out0             ;
; |Thunderbird|Equal1~0                                             ; |Thunderbird|Equal1~0                                             ; out0             ;
; |Thunderbird|Equal2~0                                             ; |Thunderbird|Equal2~0                                             ; out0             ;
; |Thunderbird|Equal3~0                                             ; |Thunderbird|Equal3~0                                             ; out0             ;
; |Thunderbird|lpm_mux:Mux5|mux_3nc:auto_generated|_~1              ; |Thunderbird|lpm_mux:Mux5|mux_3nc:auto_generated|_~1              ; out0             ;
; |Thunderbird|lpm_mux:Mux5|mux_3nc:auto_generated|_~3              ; |Thunderbird|lpm_mux:Mux5|mux_3nc:auto_generated|_~3              ; out0             ;
; |Thunderbird|lpm_mux:Mux5|mux_3nc:auto_generated|_~5              ; |Thunderbird|lpm_mux:Mux5|mux_3nc:auto_generated|_~5              ; out0             ;
; |Thunderbird|lpm_mux:Mux5|mux_3nc:auto_generated|_~6              ; |Thunderbird|lpm_mux:Mux5|mux_3nc:auto_generated|_~6              ; out0             ;
; |Thunderbird|lpm_mux:Mux5|mux_3nc:auto_generated|_~7              ; |Thunderbird|lpm_mux:Mux5|mux_3nc:auto_generated|_~7              ; out0             ;
; |Thunderbird|lpm_mux:Mux5|mux_3nc:auto_generated|_~8              ; |Thunderbird|lpm_mux:Mux5|mux_3nc:auto_generated|_~8              ; out0             ;
; |Thunderbird|lpm_mux:Mux5|mux_3nc:auto_generated|_~10             ; |Thunderbird|lpm_mux:Mux5|mux_3nc:auto_generated|_~10             ; out0             ;
; |Thunderbird|lpm_mux:Mux5|mux_3nc:auto_generated|_~12             ; |Thunderbird|lpm_mux:Mux5|mux_3nc:auto_generated|_~12             ; out0             ;
; |Thunderbird|lpm_mux:Mux5|mux_3nc:auto_generated|_~14             ; |Thunderbird|lpm_mux:Mux5|mux_3nc:auto_generated|_~14             ; out0             ;
; |Thunderbird|lpm_mux:Mux5|mux_3nc:auto_generated|_~15             ; |Thunderbird|lpm_mux:Mux5|mux_3nc:auto_generated|_~15             ; out0             ;
; |Thunderbird|lpm_mux:Mux5|mux_3nc:auto_generated|_~16             ; |Thunderbird|lpm_mux:Mux5|mux_3nc:auto_generated|_~16             ; out0             ;
; |Thunderbird|lpm_mux:Mux5|mux_3nc:auto_generated|_~17             ; |Thunderbird|lpm_mux:Mux5|mux_3nc:auto_generated|_~17             ; out0             ;
; |Thunderbird|lpm_mux:Mux5|mux_3nc:auto_generated|_~18             ; |Thunderbird|lpm_mux:Mux5|mux_3nc:auto_generated|_~18             ; out0             ;
; |Thunderbird|lpm_mux:Mux5|mux_3nc:auto_generated|_~21             ; |Thunderbird|lpm_mux:Mux5|mux_3nc:auto_generated|_~21             ; out0             ;
; |Thunderbird|lpm_mux:Mux5|mux_3nc:auto_generated|_~22             ; |Thunderbird|lpm_mux:Mux5|mux_3nc:auto_generated|_~22             ; out0             ;
; |Thunderbird|lpm_mux:Mux5|mux_3nc:auto_generated|_~23             ; |Thunderbird|lpm_mux:Mux5|mux_3nc:auto_generated|_~23             ; out0             ;
; |Thunderbird|lpm_mux:Mux5|mux_3nc:auto_generated|_~24             ; |Thunderbird|lpm_mux:Mux5|mux_3nc:auto_generated|_~24             ; out0             ;
; |Thunderbird|lpm_mux:Mux5|mux_3nc:auto_generated|_~25             ; |Thunderbird|lpm_mux:Mux5|mux_3nc:auto_generated|_~25             ; out0             ;
; |Thunderbird|lpm_mux:Mux5|mux_3nc:auto_generated|_~26             ; |Thunderbird|lpm_mux:Mux5|mux_3nc:auto_generated|_~26             ; out0             ;
; |Thunderbird|lpm_mux:Mux5|mux_3nc:auto_generated|_~27             ; |Thunderbird|lpm_mux:Mux5|mux_3nc:auto_generated|_~27             ; out0             ;
; |Thunderbird|lpm_mux:Mux5|mux_3nc:auto_generated|_~28             ; |Thunderbird|lpm_mux:Mux5|mux_3nc:auto_generated|_~28             ; out0             ;
; |Thunderbird|lpm_mux:Mux5|mux_3nc:auto_generated|_~29             ; |Thunderbird|lpm_mux:Mux5|mux_3nc:auto_generated|_~29             ; out0             ;
; |Thunderbird|lpm_mux:Mux5|mux_3nc:auto_generated|_~30             ; |Thunderbird|lpm_mux:Mux5|mux_3nc:auto_generated|_~30             ; out0             ;
; |Thunderbird|lpm_mux:Mux5|mux_3nc:auto_generated|_~31             ; |Thunderbird|lpm_mux:Mux5|mux_3nc:auto_generated|_~31             ; out0             ;
; |Thunderbird|lpm_mux:Mux5|mux_3nc:auto_generated|_~32             ; |Thunderbird|lpm_mux:Mux5|mux_3nc:auto_generated|_~32             ; out0             ;
; |Thunderbird|lpm_mux:Mux5|mux_3nc:auto_generated|_~33             ; |Thunderbird|lpm_mux:Mux5|mux_3nc:auto_generated|_~33             ; out0             ;
; |Thunderbird|lpm_mux:Mux5|mux_3nc:auto_generated|_~34             ; |Thunderbird|lpm_mux:Mux5|mux_3nc:auto_generated|_~34             ; out0             ;
; |Thunderbird|lpm_mux:Mux5|mux_3nc:auto_generated|_~35             ; |Thunderbird|lpm_mux:Mux5|mux_3nc:auto_generated|_~35             ; out0             ;
; |Thunderbird|lpm_mux:Mux5|mux_3nc:auto_generated|_~36             ; |Thunderbird|lpm_mux:Mux5|mux_3nc:auto_generated|_~36             ; out0             ;
; |Thunderbird|lpm_mux:Mux5|mux_3nc:auto_generated|_~37             ; |Thunderbird|lpm_mux:Mux5|mux_3nc:auto_generated|_~37             ; out0             ;
; |Thunderbird|lpm_mux:Mux5|mux_3nc:auto_generated|_~38             ; |Thunderbird|lpm_mux:Mux5|mux_3nc:auto_generated|_~38             ; out0             ;
; |Thunderbird|lpm_mux:Mux5|mux_3nc:auto_generated|_~39             ; |Thunderbird|lpm_mux:Mux5|mux_3nc:auto_generated|_~39             ; out0             ;
; |Thunderbird|lpm_mux:Mux5|mux_3nc:auto_generated|_~41             ; |Thunderbird|lpm_mux:Mux5|mux_3nc:auto_generated|_~41             ; out0             ;
; |Thunderbird|lpm_mux:Mux5|mux_3nc:auto_generated|_~42             ; |Thunderbird|lpm_mux:Mux5|mux_3nc:auto_generated|_~42             ; out0             ;
; |Thunderbird|lpm_mux:Mux5|mux_3nc:auto_generated|result_node[0]~1 ; |Thunderbird|lpm_mux:Mux5|mux_3nc:auto_generated|result_node[0]~1 ; out0             ;
; |Thunderbird|lpm_mux:Mux5|mux_3nc:auto_generated|result_node[0]   ; |Thunderbird|lpm_mux:Mux5|mux_3nc:auto_generated|result_node[0]   ; out0             ;
; |Thunderbird|lpm_mux:Mux4|mux_umc:auto_generated|_~0              ; |Thunderbird|lpm_mux:Mux4|mux_umc:auto_generated|_~0              ; out0             ;
; |Thunderbird|lpm_mux:Mux4|mux_umc:auto_generated|_~1              ; |Thunderbird|lpm_mux:Mux4|mux_umc:auto_generated|_~1              ; out0             ;
; |Thunderbird|lpm_mux:Mux4|mux_umc:auto_generated|_~3              ; |Thunderbird|lpm_mux:Mux4|mux_umc:auto_generated|_~3              ; out0             ;
; |Thunderbird|lpm_mux:Mux4|mux_umc:auto_generated|_~5              ; |Thunderbird|lpm_mux:Mux4|mux_umc:auto_generated|_~5              ; out0             ;
; |Thunderbird|lpm_mux:Mux4|mux_umc:auto_generated|_~6              ; |Thunderbird|lpm_mux:Mux4|mux_umc:auto_generated|_~6              ; out0             ;
; |Thunderbird|lpm_mux:Mux4|mux_umc:auto_generated|_~7              ; |Thunderbird|lpm_mux:Mux4|mux_umc:auto_generated|_~7              ; out0             ;
; |Thunderbird|lpm_mux:Mux4|mux_umc:auto_generated|_~8              ; |Thunderbird|lpm_mux:Mux4|mux_umc:auto_generated|_~8              ; out0             ;
; |Thunderbird|lpm_mux:Mux4|mux_umc:auto_generated|result_node[0]~0 ; |Thunderbird|lpm_mux:Mux4|mux_umc:auto_generated|result_node[0]~0 ; out0             ;
; |Thunderbird|lpm_mux:Mux4|mux_umc:auto_generated|_~9              ; |Thunderbird|lpm_mux:Mux4|mux_umc:auto_generated|_~9              ; out0             ;
; |Thunderbird|lpm_mux:Mux4|mux_umc:auto_generated|_~11             ; |Thunderbird|lpm_mux:Mux4|mux_umc:auto_generated|_~11             ; out0             ;
; |Thunderbird|lpm_mux:Mux4|mux_umc:auto_generated|_~13             ; |Thunderbird|lpm_mux:Mux4|mux_umc:auto_generated|_~13             ; out0             ;
; |Thunderbird|lpm_mux:Mux4|mux_umc:auto_generated|_~14             ; |Thunderbird|lpm_mux:Mux4|mux_umc:auto_generated|_~14             ; out0             ;
; |Thunderbird|lpm_mux:Mux4|mux_umc:auto_generated|_~15             ; |Thunderbird|lpm_mux:Mux4|mux_umc:auto_generated|_~15             ; out0             ;
; |Thunderbird|lpm_mux:Mux4|mux_umc:auto_generated|_~16             ; |Thunderbird|lpm_mux:Mux4|mux_umc:auto_generated|_~16             ; out0             ;
; |Thunderbird|lpm_mux:Mux4|mux_umc:auto_generated|_~17             ; |Thunderbird|lpm_mux:Mux4|mux_umc:auto_generated|_~17             ; out0             ;
; |Thunderbird|lpm_mux:Mux4|mux_umc:auto_generated|result_node[0]   ; |Thunderbird|lpm_mux:Mux4|mux_umc:auto_generated|result_node[0]   ; out0             ;
; |Thunderbird|lpm_mux:Mux3|mux_3nc:auto_generated|_~1              ; |Thunderbird|lpm_mux:Mux3|mux_3nc:auto_generated|_~1              ; out0             ;
; |Thunderbird|lpm_mux:Mux3|mux_3nc:auto_generated|_~3              ; |Thunderbird|lpm_mux:Mux3|mux_3nc:auto_generated|_~3              ; out0             ;
; |Thunderbird|lpm_mux:Mux3|mux_3nc:auto_generated|_~5              ; |Thunderbird|lpm_mux:Mux3|mux_3nc:auto_generated|_~5              ; out0             ;
; |Thunderbird|lpm_mux:Mux3|mux_3nc:auto_generated|_~6              ; |Thunderbird|lpm_mux:Mux3|mux_3nc:auto_generated|_~6              ; out0             ;
; |Thunderbird|lpm_mux:Mux3|mux_3nc:auto_generated|_~7              ; |Thunderbird|lpm_mux:Mux3|mux_3nc:auto_generated|_~7              ; out0             ;
; |Thunderbird|lpm_mux:Mux3|mux_3nc:auto_generated|_~8              ; |Thunderbird|lpm_mux:Mux3|mux_3nc:auto_generated|_~8              ; out0             ;
; |Thunderbird|lpm_mux:Mux3|mux_3nc:auto_generated|_~10             ; |Thunderbird|lpm_mux:Mux3|mux_3nc:auto_generated|_~10             ; out0             ;
; |Thunderbird|lpm_mux:Mux3|mux_3nc:auto_generated|_~12             ; |Thunderbird|lpm_mux:Mux3|mux_3nc:auto_generated|_~12             ; out0             ;
; |Thunderbird|lpm_mux:Mux3|mux_3nc:auto_generated|_~14             ; |Thunderbird|lpm_mux:Mux3|mux_3nc:auto_generated|_~14             ; out0             ;
; |Thunderbird|lpm_mux:Mux3|mux_3nc:auto_generated|_~15             ; |Thunderbird|lpm_mux:Mux3|mux_3nc:auto_generated|_~15             ; out0             ;
; |Thunderbird|lpm_mux:Mux3|mux_3nc:auto_generated|_~16             ; |Thunderbird|lpm_mux:Mux3|mux_3nc:auto_generated|_~16             ; out0             ;
; |Thunderbird|lpm_mux:Mux3|mux_3nc:auto_generated|_~17             ; |Thunderbird|lpm_mux:Mux3|mux_3nc:auto_generated|_~17             ; out0             ;
; |Thunderbird|lpm_mux:Mux3|mux_3nc:auto_generated|_~18             ; |Thunderbird|lpm_mux:Mux3|mux_3nc:auto_generated|_~18             ; out0             ;
; |Thunderbird|lpm_mux:Mux3|mux_3nc:auto_generated|_~21             ; |Thunderbird|lpm_mux:Mux3|mux_3nc:auto_generated|_~21             ; out0             ;
; |Thunderbird|lpm_mux:Mux3|mux_3nc:auto_generated|_~23             ; |Thunderbird|lpm_mux:Mux3|mux_3nc:auto_generated|_~23             ; out0             ;
; |Thunderbird|lpm_mux:Mux3|mux_3nc:auto_generated|_~25             ; |Thunderbird|lpm_mux:Mux3|mux_3nc:auto_generated|_~25             ; out0             ;
; |Thunderbird|lpm_mux:Mux3|mux_3nc:auto_generated|_~27             ; |Thunderbird|lpm_mux:Mux3|mux_3nc:auto_generated|_~27             ; out0             ;
; |Thunderbird|lpm_mux:Mux3|mux_3nc:auto_generated|_~28             ; |Thunderbird|lpm_mux:Mux3|mux_3nc:auto_generated|_~28             ; out0             ;
; |Thunderbird|lpm_mux:Mux3|mux_3nc:auto_generated|_~29             ; |Thunderbird|lpm_mux:Mux3|mux_3nc:auto_generated|_~29             ; out0             ;
; |Thunderbird|lpm_mux:Mux3|mux_3nc:auto_generated|_~30             ; |Thunderbird|lpm_mux:Mux3|mux_3nc:auto_generated|_~30             ; out0             ;
; |Thunderbird|lpm_mux:Mux3|mux_3nc:auto_generated|_~32             ; |Thunderbird|lpm_mux:Mux3|mux_3nc:auto_generated|_~32             ; out0             ;
; |Thunderbird|lpm_mux:Mux3|mux_3nc:auto_generated|_~34             ; |Thunderbird|lpm_mux:Mux3|mux_3nc:auto_generated|_~34             ; out0             ;
; |Thunderbird|lpm_mux:Mux3|mux_3nc:auto_generated|_~36             ; |Thunderbird|lpm_mux:Mux3|mux_3nc:auto_generated|_~36             ; out0             ;
; |Thunderbird|lpm_mux:Mux3|mux_3nc:auto_generated|_~37             ; |Thunderbird|lpm_mux:Mux3|mux_3nc:auto_generated|_~37             ; out0             ;
; |Thunderbird|lpm_mux:Mux3|mux_3nc:auto_generated|_~38             ; |Thunderbird|lpm_mux:Mux3|mux_3nc:auto_generated|_~38             ; out0             ;
; |Thunderbird|lpm_mux:Mux3|mux_3nc:auto_generated|_~39             ; |Thunderbird|lpm_mux:Mux3|mux_3nc:auto_generated|_~39             ; out0             ;
; |Thunderbird|lpm_mux:Mux3|mux_3nc:auto_generated|_~41             ; |Thunderbird|lpm_mux:Mux3|mux_3nc:auto_generated|_~41             ; out0             ;
; |Thunderbird|lpm_mux:Mux3|mux_3nc:auto_generated|_~42             ; |Thunderbird|lpm_mux:Mux3|mux_3nc:auto_generated|_~42             ; out0             ;
; |Thunderbird|lpm_mux:Mux3|mux_3nc:auto_generated|result_node[0]~1 ; |Thunderbird|lpm_mux:Mux3|mux_3nc:auto_generated|result_node[0]~1 ; out0             ;
; |Thunderbird|lpm_mux:Mux3|mux_3nc:auto_generated|result_node[0]   ; |Thunderbird|lpm_mux:Mux3|mux_3nc:auto_generated|result_node[0]   ; out0             ;
; |Thunderbird|lpm_mux:Mux2|mux_3nc:auto_generated|_~1              ; |Thunderbird|lpm_mux:Mux2|mux_3nc:auto_generated|_~1              ; out0             ;
; |Thunderbird|lpm_mux:Mux2|mux_3nc:auto_generated|_~3              ; |Thunderbird|lpm_mux:Mux2|mux_3nc:auto_generated|_~3              ; out0             ;
; |Thunderbird|lpm_mux:Mux2|mux_3nc:auto_generated|_~6              ; |Thunderbird|lpm_mux:Mux2|mux_3nc:auto_generated|_~6              ; out0             ;
; |Thunderbird|lpm_mux:Mux2|mux_3nc:auto_generated|_~7              ; |Thunderbird|lpm_mux:Mux2|mux_3nc:auto_generated|_~7              ; out0             ;
; |Thunderbird|lpm_mux:Mux2|mux_3nc:auto_generated|_~8              ; |Thunderbird|lpm_mux:Mux2|mux_3nc:auto_generated|_~8              ; out0             ;
; |Thunderbird|lpm_mux:Mux2|mux_3nc:auto_generated|_~10             ; |Thunderbird|lpm_mux:Mux2|mux_3nc:auto_generated|_~10             ; out0             ;
; |Thunderbird|lpm_mux:Mux2|mux_3nc:auto_generated|_~12             ; |Thunderbird|lpm_mux:Mux2|mux_3nc:auto_generated|_~12             ; out0             ;
; |Thunderbird|lpm_mux:Mux2|mux_3nc:auto_generated|_~15             ; |Thunderbird|lpm_mux:Mux2|mux_3nc:auto_generated|_~15             ; out0             ;
; |Thunderbird|lpm_mux:Mux2|mux_3nc:auto_generated|_~16             ; |Thunderbird|lpm_mux:Mux2|mux_3nc:auto_generated|_~16             ; out0             ;
; |Thunderbird|lpm_mux:Mux2|mux_3nc:auto_generated|_~17             ; |Thunderbird|lpm_mux:Mux2|mux_3nc:auto_generated|_~17             ; out0             ;
; |Thunderbird|lpm_mux:Mux2|mux_3nc:auto_generated|_~18             ; |Thunderbird|lpm_mux:Mux2|mux_3nc:auto_generated|_~18             ; out0             ;
; |Thunderbird|lpm_mux:Mux2|mux_3nc:auto_generated|_~19             ; |Thunderbird|lpm_mux:Mux2|mux_3nc:auto_generated|_~19             ; out0             ;
; |Thunderbird|lpm_mux:Mux2|mux_3nc:auto_generated|_~20             ; |Thunderbird|lpm_mux:Mux2|mux_3nc:auto_generated|_~20             ; out0             ;
; |Thunderbird|lpm_mux:Mux2|mux_3nc:auto_generated|result_node[0]~0 ; |Thunderbird|lpm_mux:Mux2|mux_3nc:auto_generated|result_node[0]~0 ; out0             ;
; |Thunderbird|lpm_mux:Mux2|mux_3nc:auto_generated|_~21             ; |Thunderbird|lpm_mux:Mux2|mux_3nc:auto_generated|_~21             ; out0             ;
; |Thunderbird|lpm_mux:Mux2|mux_3nc:auto_generated|_~23             ; |Thunderbird|lpm_mux:Mux2|mux_3nc:auto_generated|_~23             ; out0             ;
; |Thunderbird|lpm_mux:Mux2|mux_3nc:auto_generated|_~25             ; |Thunderbird|lpm_mux:Mux2|mux_3nc:auto_generated|_~25             ; out0             ;
; |Thunderbird|lpm_mux:Mux2|mux_3nc:auto_generated|_~27             ; |Thunderbird|lpm_mux:Mux2|mux_3nc:auto_generated|_~27             ; out0             ;
; |Thunderbird|lpm_mux:Mux2|mux_3nc:auto_generated|_~28             ; |Thunderbird|lpm_mux:Mux2|mux_3nc:auto_generated|_~28             ; out0             ;
; |Thunderbird|lpm_mux:Mux2|mux_3nc:auto_generated|_~29             ; |Thunderbird|lpm_mux:Mux2|mux_3nc:auto_generated|_~29             ; out0             ;
; |Thunderbird|lpm_mux:Mux2|mux_3nc:auto_generated|_~30             ; |Thunderbird|lpm_mux:Mux2|mux_3nc:auto_generated|_~30             ; out0             ;
; |Thunderbird|lpm_mux:Mux2|mux_3nc:auto_generated|_~32             ; |Thunderbird|lpm_mux:Mux2|mux_3nc:auto_generated|_~32             ; out0             ;
; |Thunderbird|lpm_mux:Mux2|mux_3nc:auto_generated|_~34             ; |Thunderbird|lpm_mux:Mux2|mux_3nc:auto_generated|_~34             ; out0             ;
; |Thunderbird|lpm_mux:Mux2|mux_3nc:auto_generated|_~36             ; |Thunderbird|lpm_mux:Mux2|mux_3nc:auto_generated|_~36             ; out0             ;
; |Thunderbird|lpm_mux:Mux2|mux_3nc:auto_generated|_~37             ; |Thunderbird|lpm_mux:Mux2|mux_3nc:auto_generated|_~37             ; out0             ;
; |Thunderbird|lpm_mux:Mux2|mux_3nc:auto_generated|_~38             ; |Thunderbird|lpm_mux:Mux2|mux_3nc:auto_generated|_~38             ; out0             ;
; |Thunderbird|lpm_mux:Mux2|mux_3nc:auto_generated|_~39             ; |Thunderbird|lpm_mux:Mux2|mux_3nc:auto_generated|_~39             ; out0             ;
; |Thunderbird|lpm_mux:Mux2|mux_3nc:auto_generated|_~40             ; |Thunderbird|lpm_mux:Mux2|mux_3nc:auto_generated|_~40             ; out0             ;
; |Thunderbird|lpm_mux:Mux2|mux_3nc:auto_generated|result_node[0]   ; |Thunderbird|lpm_mux:Mux2|mux_3nc:auto_generated|result_node[0]   ; out0             ;
; |Thunderbird|lpm_mux:Mux1|mux_umc:auto_generated|_~1              ; |Thunderbird|lpm_mux:Mux1|mux_umc:auto_generated|_~1              ; out0             ;
; |Thunderbird|lpm_mux:Mux1|mux_umc:auto_generated|_~3              ; |Thunderbird|lpm_mux:Mux1|mux_umc:auto_generated|_~3              ; out0             ;
; |Thunderbird|lpm_mux:Mux1|mux_umc:auto_generated|_~6              ; |Thunderbird|lpm_mux:Mux1|mux_umc:auto_generated|_~6              ; out0             ;
; |Thunderbird|lpm_mux:Mux1|mux_umc:auto_generated|_~7              ; |Thunderbird|lpm_mux:Mux1|mux_umc:auto_generated|_~7              ; out0             ;
; |Thunderbird|lpm_mux:Mux1|mux_umc:auto_generated|_~8              ; |Thunderbird|lpm_mux:Mux1|mux_umc:auto_generated|_~8              ; out0             ;
; |Thunderbird|lpm_mux:Mux1|mux_umc:auto_generated|_~9              ; |Thunderbird|lpm_mux:Mux1|mux_umc:auto_generated|_~9              ; out0             ;
; |Thunderbird|lpm_mux:Mux1|mux_umc:auto_generated|_~11             ; |Thunderbird|lpm_mux:Mux1|mux_umc:auto_generated|_~11             ; out0             ;
; |Thunderbird|lpm_mux:Mux1|mux_umc:auto_generated|_~14             ; |Thunderbird|lpm_mux:Mux1|mux_umc:auto_generated|_~14             ; out0             ;
; |Thunderbird|lpm_mux:Mux1|mux_umc:auto_generated|_~15             ; |Thunderbird|lpm_mux:Mux1|mux_umc:auto_generated|_~15             ; out0             ;
; |Thunderbird|lpm_mux:Mux1|mux_umc:auto_generated|_~16             ; |Thunderbird|lpm_mux:Mux1|mux_umc:auto_generated|_~16             ; out0             ;
; |Thunderbird|lpm_mux:Mux1|mux_umc:auto_generated|_~17             ; |Thunderbird|lpm_mux:Mux1|mux_umc:auto_generated|_~17             ; out0             ;
; |Thunderbird|lpm_mux:Mux1|mux_umc:auto_generated|result_node[0]~1 ; |Thunderbird|lpm_mux:Mux1|mux_umc:auto_generated|result_node[0]~1 ; out0             ;
; |Thunderbird|lpm_mux:Mux1|mux_umc:auto_generated|result_node[0]   ; |Thunderbird|lpm_mux:Mux1|mux_umc:auto_generated|result_node[0]   ; out0             ;
; |Thunderbird|lpm_mux:Mux0|mux_3nc:auto_generated|_~1              ; |Thunderbird|lpm_mux:Mux0|mux_3nc:auto_generated|_~1              ; out0             ;
; |Thunderbird|lpm_mux:Mux0|mux_3nc:auto_generated|_~2              ; |Thunderbird|lpm_mux:Mux0|mux_3nc:auto_generated|_~2              ; out0             ;
; |Thunderbird|lpm_mux:Mux0|mux_3nc:auto_generated|_~3              ; |Thunderbird|lpm_mux:Mux0|mux_3nc:auto_generated|_~3              ; out0             ;
; |Thunderbird|lpm_mux:Mux0|mux_3nc:auto_generated|_~4              ; |Thunderbird|lpm_mux:Mux0|mux_3nc:auto_generated|_~4              ; out0             ;
; |Thunderbird|lpm_mux:Mux0|mux_3nc:auto_generated|_~6              ; |Thunderbird|lpm_mux:Mux0|mux_3nc:auto_generated|_~6              ; out0             ;
; |Thunderbird|lpm_mux:Mux0|mux_3nc:auto_generated|_~7              ; |Thunderbird|lpm_mux:Mux0|mux_3nc:auto_generated|_~7              ; out0             ;
; |Thunderbird|lpm_mux:Mux0|mux_3nc:auto_generated|_~8              ; |Thunderbird|lpm_mux:Mux0|mux_3nc:auto_generated|_~8              ; out0             ;
; |Thunderbird|lpm_mux:Mux0|mux_3nc:auto_generated|_~10             ; |Thunderbird|lpm_mux:Mux0|mux_3nc:auto_generated|_~10             ; out0             ;
; |Thunderbird|lpm_mux:Mux0|mux_3nc:auto_generated|_~11             ; |Thunderbird|lpm_mux:Mux0|mux_3nc:auto_generated|_~11             ; out0             ;
; |Thunderbird|lpm_mux:Mux0|mux_3nc:auto_generated|_~12             ; |Thunderbird|lpm_mux:Mux0|mux_3nc:auto_generated|_~12             ; out0             ;
; |Thunderbird|lpm_mux:Mux0|mux_3nc:auto_generated|_~13             ; |Thunderbird|lpm_mux:Mux0|mux_3nc:auto_generated|_~13             ; out0             ;
; |Thunderbird|lpm_mux:Mux0|mux_3nc:auto_generated|_~15             ; |Thunderbird|lpm_mux:Mux0|mux_3nc:auto_generated|_~15             ; out0             ;
; |Thunderbird|lpm_mux:Mux0|mux_3nc:auto_generated|_~16             ; |Thunderbird|lpm_mux:Mux0|mux_3nc:auto_generated|_~16             ; out0             ;
; |Thunderbird|lpm_mux:Mux0|mux_3nc:auto_generated|_~17             ; |Thunderbird|lpm_mux:Mux0|mux_3nc:auto_generated|_~17             ; out0             ;
; |Thunderbird|lpm_mux:Mux0|mux_3nc:auto_generated|_~18             ; |Thunderbird|lpm_mux:Mux0|mux_3nc:auto_generated|_~18             ; out0             ;
; |Thunderbird|lpm_mux:Mux0|mux_3nc:auto_generated|_~19             ; |Thunderbird|lpm_mux:Mux0|mux_3nc:auto_generated|_~19             ; out0             ;
; |Thunderbird|lpm_mux:Mux0|mux_3nc:auto_generated|_~20             ; |Thunderbird|lpm_mux:Mux0|mux_3nc:auto_generated|_~20             ; out0             ;
; |Thunderbird|lpm_mux:Mux0|mux_3nc:auto_generated|result_node[0]~0 ; |Thunderbird|lpm_mux:Mux0|mux_3nc:auto_generated|result_node[0]~0 ; out0             ;
; |Thunderbird|lpm_mux:Mux0|mux_3nc:auto_generated|_~21             ; |Thunderbird|lpm_mux:Mux0|mux_3nc:auto_generated|_~21             ; out0             ;
; |Thunderbird|lpm_mux:Mux0|mux_3nc:auto_generated|_~23             ; |Thunderbird|lpm_mux:Mux0|mux_3nc:auto_generated|_~23             ; out0             ;
; |Thunderbird|lpm_mux:Mux0|mux_3nc:auto_generated|_~24             ; |Thunderbird|lpm_mux:Mux0|mux_3nc:auto_generated|_~24             ; out0             ;
; |Thunderbird|lpm_mux:Mux0|mux_3nc:auto_generated|_~25             ; |Thunderbird|lpm_mux:Mux0|mux_3nc:auto_generated|_~25             ; out0             ;
; |Thunderbird|lpm_mux:Mux0|mux_3nc:auto_generated|_~26             ; |Thunderbird|lpm_mux:Mux0|mux_3nc:auto_generated|_~26             ; out0             ;
; |Thunderbird|lpm_mux:Mux0|mux_3nc:auto_generated|_~27             ; |Thunderbird|lpm_mux:Mux0|mux_3nc:auto_generated|_~27             ; out0             ;
; |Thunderbird|lpm_mux:Mux0|mux_3nc:auto_generated|_~28             ; |Thunderbird|lpm_mux:Mux0|mux_3nc:auto_generated|_~28             ; out0             ;
; |Thunderbird|lpm_mux:Mux0|mux_3nc:auto_generated|_~29             ; |Thunderbird|lpm_mux:Mux0|mux_3nc:auto_generated|_~29             ; out0             ;
; |Thunderbird|lpm_mux:Mux0|mux_3nc:auto_generated|_~30             ; |Thunderbird|lpm_mux:Mux0|mux_3nc:auto_generated|_~30             ; out0             ;
; |Thunderbird|lpm_mux:Mux0|mux_3nc:auto_generated|_~32             ; |Thunderbird|lpm_mux:Mux0|mux_3nc:auto_generated|_~32             ; out0             ;
; |Thunderbird|lpm_mux:Mux0|mux_3nc:auto_generated|_~33             ; |Thunderbird|lpm_mux:Mux0|mux_3nc:auto_generated|_~33             ; out0             ;
; |Thunderbird|lpm_mux:Mux0|mux_3nc:auto_generated|_~34             ; |Thunderbird|lpm_mux:Mux0|mux_3nc:auto_generated|_~34             ; out0             ;
; |Thunderbird|lpm_mux:Mux0|mux_3nc:auto_generated|_~35             ; |Thunderbird|lpm_mux:Mux0|mux_3nc:auto_generated|_~35             ; out0             ;
; |Thunderbird|lpm_mux:Mux0|mux_3nc:auto_generated|_~36             ; |Thunderbird|lpm_mux:Mux0|mux_3nc:auto_generated|_~36             ; out0             ;
; |Thunderbird|lpm_mux:Mux0|mux_3nc:auto_generated|_~37             ; |Thunderbird|lpm_mux:Mux0|mux_3nc:auto_generated|_~37             ; out0             ;
; |Thunderbird|lpm_mux:Mux0|mux_3nc:auto_generated|_~38             ; |Thunderbird|lpm_mux:Mux0|mux_3nc:auto_generated|_~38             ; out0             ;
; |Thunderbird|lpm_mux:Mux0|mux_3nc:auto_generated|_~39             ; |Thunderbird|lpm_mux:Mux0|mux_3nc:auto_generated|_~39             ; out0             ;
; |Thunderbird|lpm_mux:Mux0|mux_3nc:auto_generated|_~40             ; |Thunderbird|lpm_mux:Mux0|mux_3nc:auto_generated|_~40             ; out0             ;
; |Thunderbird|lpm_mux:Mux0|mux_3nc:auto_generated|_~41             ; |Thunderbird|lpm_mux:Mux0|mux_3nc:auto_generated|_~41             ; out0             ;
; |Thunderbird|lpm_mux:Mux0|mux_3nc:auto_generated|_~42             ; |Thunderbird|lpm_mux:Mux0|mux_3nc:auto_generated|_~42             ; out0             ;
; |Thunderbird|lpm_mux:Mux0|mux_3nc:auto_generated|result_node[0]~1 ; |Thunderbird|lpm_mux:Mux0|mux_3nc:auto_generated|result_node[0]~1 ; out0             ;
; |Thunderbird|lpm_mux:Mux0|mux_3nc:auto_generated|result_node[0]   ; |Thunderbird|lpm_mux:Mux0|mux_3nc:auto_generated|result_node[0]   ; out0             ;
+-------------------------------------------------------------------+-------------------------------------------------------------------+------------------+


The following table displays output ports that do not toggle to 1 during simulation.
+----------------------------------------------------------------------------------------------------------------------------------------------------------+
; Missing 1-Value Coverage                                                                                                                                 ;
+-------------------------------------------------------------------+-------------------------------------------------------------------+------------------+
; Node Name                                                         ; Output Port Name                                                  ; Output Port Type ;
+-------------------------------------------------------------------+-------------------------------------------------------------------+------------------+
; |Thunderbird|lpm_mux:Mux5|mux_3nc:auto_generated|_~0              ; |Thunderbird|lpm_mux:Mux5|mux_3nc:auto_generated|_~0              ; out0             ;
; |Thunderbird|lpm_mux:Mux5|mux_3nc:auto_generated|_~2              ; |Thunderbird|lpm_mux:Mux5|mux_3nc:auto_generated|_~2              ; out0             ;
; |Thunderbird|lpm_mux:Mux5|mux_3nc:auto_generated|_~4              ; |Thunderbird|lpm_mux:Mux5|mux_3nc:auto_generated|_~4              ; out0             ;
; |Thunderbird|lpm_mux:Mux5|mux_3nc:auto_generated|_~9              ; |Thunderbird|lpm_mux:Mux5|mux_3nc:auto_generated|_~9              ; out0             ;
; |Thunderbird|lpm_mux:Mux5|mux_3nc:auto_generated|_~11             ; |Thunderbird|lpm_mux:Mux5|mux_3nc:auto_generated|_~11             ; out0             ;
; |Thunderbird|lpm_mux:Mux5|mux_3nc:auto_generated|_~13             ; |Thunderbird|lpm_mux:Mux5|mux_3nc:auto_generated|_~13             ; out0             ;
; |Thunderbird|lpm_mux:Mux5|mux_3nc:auto_generated|_~19             ; |Thunderbird|lpm_mux:Mux5|mux_3nc:auto_generated|_~19             ; out0             ;
; |Thunderbird|lpm_mux:Mux5|mux_3nc:auto_generated|_~20             ; |Thunderbird|lpm_mux:Mux5|mux_3nc:auto_generated|_~20             ; out0             ;
; |Thunderbird|lpm_mux:Mux5|mux_3nc:auto_generated|result_node[0]~0 ; |Thunderbird|lpm_mux:Mux5|mux_3nc:auto_generated|result_node[0]~0 ; out0             ;
; |Thunderbird|lpm_mux:Mux5|mux_3nc:auto_generated|_~40             ; |Thunderbird|lpm_mux:Mux5|mux_3nc:auto_generated|_~40             ; out0             ;
; |Thunderbird|lpm_mux:Mux4|mux_umc:auto_generated|_~2              ; |Thunderbird|lpm_mux:Mux4|mux_umc:auto_generated|_~2              ; out0             ;
; |Thunderbird|lpm_mux:Mux4|mux_umc:auto_generated|_~4              ; |Thunderbird|lpm_mux:Mux4|mux_umc:auto_generated|_~4              ; out0             ;
; |Thunderbird|lpm_mux:Mux4|mux_umc:auto_generated|_~10             ; |Thunderbird|lpm_mux:Mux4|mux_umc:auto_generated|_~10             ; out0             ;
; |Thunderbird|lpm_mux:Mux4|mux_umc:auto_generated|_~12             ; |Thunderbird|lpm_mux:Mux4|mux_umc:auto_generated|_~12             ; out0             ;
; |Thunderbird|lpm_mux:Mux4|mux_umc:auto_generated|result_node[0]~1 ; |Thunderbird|lpm_mux:Mux4|mux_umc:auto_generated|result_node[0]~1 ; out0             ;
; |Thunderbird|lpm_mux:Mux3|mux_3nc:auto_generated|_~0              ; |Thunderbird|lpm_mux:Mux3|mux_3nc:auto_generated|_~0              ; out0             ;
; |Thunderbird|lpm_mux:Mux3|mux_3nc:auto_generated|_~2              ; |Thunderbird|lpm_mux:Mux3|mux_3nc:auto_generated|_~2              ; out0             ;
; |Thunderbird|lpm_mux:Mux3|mux_3nc:auto_generated|_~4              ; |Thunderbird|lpm_mux:Mux3|mux_3nc:auto_generated|_~4              ; out0             ;
; |Thunderbird|lpm_mux:Mux3|mux_3nc:auto_generated|_~9              ; |Thunderbird|lpm_mux:Mux3|mux_3nc:auto_generated|_~9              ; out0             ;
; |Thunderbird|lpm_mux:Mux3|mux_3nc:auto_generated|_~11             ; |Thunderbird|lpm_mux:Mux3|mux_3nc:auto_generated|_~11             ; out0             ;
; |Thunderbird|lpm_mux:Mux3|mux_3nc:auto_generated|_~13             ; |Thunderbird|lpm_mux:Mux3|mux_3nc:auto_generated|_~13             ; out0             ;
; |Thunderbird|lpm_mux:Mux3|mux_3nc:auto_generated|_~19             ; |Thunderbird|lpm_mux:Mux3|mux_3nc:auto_generated|_~19             ; out0             ;
; |Thunderbird|lpm_mux:Mux3|mux_3nc:auto_generated|_~20             ; |Thunderbird|lpm_mux:Mux3|mux_3nc:auto_generated|_~20             ; out0             ;
; |Thunderbird|lpm_mux:Mux3|mux_3nc:auto_generated|result_node[0]~0 ; |Thunderbird|lpm_mux:Mux3|mux_3nc:auto_generated|result_node[0]~0 ; out0             ;
; |Thunderbird|lpm_mux:Mux3|mux_3nc:auto_generated|_~22             ; |Thunderbird|lpm_mux:Mux3|mux_3nc:auto_generated|_~22             ; out0             ;
; |Thunderbird|lpm_mux:Mux3|mux_3nc:auto_generated|_~24             ; |Thunderbird|lpm_mux:Mux3|mux_3nc:auto_generated|_~24             ; out0             ;
; |Thunderbird|lpm_mux:Mux3|mux_3nc:auto_generated|_~26             ; |Thunderbird|lpm_mux:Mux3|mux_3nc:auto_generated|_~26             ; out0             ;
; |Thunderbird|lpm_mux:Mux3|mux_3nc:auto_generated|_~31             ; |Thunderbird|lpm_mux:Mux3|mux_3nc:auto_generated|_~31             ; out0             ;
; |Thunderbird|lpm_mux:Mux3|mux_3nc:auto_generated|_~33             ; |Thunderbird|lpm_mux:Mux3|mux_3nc:auto_generated|_~33             ; out0             ;
; |Thunderbird|lpm_mux:Mux3|mux_3nc:auto_generated|_~35             ; |Thunderbird|lpm_mux:Mux3|mux_3nc:auto_generated|_~35             ; out0             ;
; |Thunderbird|lpm_mux:Mux3|mux_3nc:auto_generated|_~40             ; |Thunderbird|lpm_mux:Mux3|mux_3nc:auto_generated|_~40             ; out0             ;
; |Thunderbird|lpm_mux:Mux2|mux_3nc:auto_generated|_~0              ; |Thunderbird|lpm_mux:Mux2|mux_3nc:auto_generated|_~0              ; out0             ;
; |Thunderbird|lpm_mux:Mux2|mux_3nc:auto_generated|_~2              ; |Thunderbird|lpm_mux:Mux2|mux_3nc:auto_generated|_~2              ; out0             ;
; |Thunderbird|lpm_mux:Mux2|mux_3nc:auto_generated|_~4              ; |Thunderbird|lpm_mux:Mux2|mux_3nc:auto_generated|_~4              ; out0             ;
; |Thunderbird|lpm_mux:Mux2|mux_3nc:auto_generated|_~5              ; |Thunderbird|lpm_mux:Mux2|mux_3nc:auto_generated|_~5              ; out0             ;
; |Thunderbird|lpm_mux:Mux2|mux_3nc:auto_generated|_~9              ; |Thunderbird|lpm_mux:Mux2|mux_3nc:auto_generated|_~9              ; out0             ;
; |Thunderbird|lpm_mux:Mux2|mux_3nc:auto_generated|_~11             ; |Thunderbird|lpm_mux:Mux2|mux_3nc:auto_generated|_~11             ; out0             ;
; |Thunderbird|lpm_mux:Mux2|mux_3nc:auto_generated|_~13             ; |Thunderbird|lpm_mux:Mux2|mux_3nc:auto_generated|_~13             ; out0             ;
; |Thunderbird|lpm_mux:Mux2|mux_3nc:auto_generated|_~14             ; |Thunderbird|lpm_mux:Mux2|mux_3nc:auto_generated|_~14             ; out0             ;
; |Thunderbird|lpm_mux:Mux2|mux_3nc:auto_generated|_~22             ; |Thunderbird|lpm_mux:Mux2|mux_3nc:auto_generated|_~22             ; out0             ;
; |Thunderbird|lpm_mux:Mux2|mux_3nc:auto_generated|_~24             ; |Thunderbird|lpm_mux:Mux2|mux_3nc:auto_generated|_~24             ; out0             ;
; |Thunderbird|lpm_mux:Mux2|mux_3nc:auto_generated|_~26             ; |Thunderbird|lpm_mux:Mux2|mux_3nc:auto_generated|_~26             ; out0             ;
; |Thunderbird|lpm_mux:Mux2|mux_3nc:auto_generated|_~31             ; |Thunderbird|lpm_mux:Mux2|mux_3nc:auto_generated|_~31             ; out0             ;
; |Thunderbird|lpm_mux:Mux2|mux_3nc:auto_generated|_~33             ; |Thunderbird|lpm_mux:Mux2|mux_3nc:auto_generated|_~33             ; out0             ;
; |Thunderbird|lpm_mux:Mux2|mux_3nc:auto_generated|_~35             ; |Thunderbird|lpm_mux:Mux2|mux_3nc:auto_generated|_~35             ; out0             ;
; |Thunderbird|lpm_mux:Mux2|mux_3nc:auto_generated|_~41             ; |Thunderbird|lpm_mux:Mux2|mux_3nc:auto_generated|_~41             ; out0             ;
; |Thunderbird|lpm_mux:Mux2|mux_3nc:auto_generated|_~42             ; |Thunderbird|lpm_mux:Mux2|mux_3nc:auto_generated|_~42             ; out0             ;
; |Thunderbird|lpm_mux:Mux2|mux_3nc:auto_generated|result_node[0]~1 ; |Thunderbird|lpm_mux:Mux2|mux_3nc:auto_generated|result_node[0]~1 ; out0             ;
; |Thunderbird|lpm_mux:Mux1|mux_umc:auto_generated|_~0              ; |Thunderbird|lpm_mux:Mux1|mux_umc:auto_generated|_~0              ; out0             ;
; |Thunderbird|lpm_mux:Mux1|mux_umc:auto_generated|_~2              ; |Thunderbird|lpm_mux:Mux1|mux_umc:auto_generated|_~2              ; out0             ;
; |Thunderbird|lpm_mux:Mux1|mux_umc:auto_generated|_~4              ; |Thunderbird|lpm_mux:Mux1|mux_umc:auto_generated|_~4              ; out0             ;
; |Thunderbird|lpm_mux:Mux1|mux_umc:auto_generated|_~5              ; |Thunderbird|lpm_mux:Mux1|mux_umc:auto_generated|_~5              ; out0             ;
; |Thunderbird|lpm_mux:Mux1|mux_umc:auto_generated|result_node[0]~0 ; |Thunderbird|lpm_mux:Mux1|mux_umc:auto_generated|result_node[0]~0 ; out0             ;
; |Thunderbird|lpm_mux:Mux1|mux_umc:auto_generated|_~10             ; |Thunderbird|lpm_mux:Mux1|mux_umc:auto_generated|_~10             ; out0             ;
; |Thunderbird|lpm_mux:Mux1|mux_umc:auto_generated|_~12             ; |Thunderbird|lpm_mux:Mux1|mux_umc:auto_generated|_~12             ; out0             ;
; |Thunderbird|lpm_mux:Mux1|mux_umc:auto_generated|_~13             ; |Thunderbird|lpm_mux:Mux1|mux_umc:auto_generated|_~13             ; out0             ;
; |Thunderbird|lpm_mux:Mux0|mux_3nc:auto_generated|_~0              ; |Thunderbird|lpm_mux:Mux0|mux_3nc:auto_generated|_~0              ; out0             ;
; |Thunderbird|lpm_mux:Mux0|mux_3nc:auto_generated|_~5              ; |Thunderbird|lpm_mux:Mux0|mux_3nc:auto_generated|_~5              ; out0             ;
; |Thunderbird|lpm_mux:Mux0|mux_3nc:auto_generated|_~9              ; |Thunderbird|lpm_mux:Mux0|mux_3nc:auto_generated|_~9              ; out0             ;
; |Thunderbird|lpm_mux:Mux0|mux_3nc:auto_generated|_~14             ; |Thunderbird|lpm_mux:Mux0|mux_3nc:auto_generated|_~14             ; out0             ;
; |Thunderbird|lpm_mux:Mux0|mux_3nc:auto_generated|_~22             ; |Thunderbird|lpm_mux:Mux0|mux_3nc:auto_generated|_~22             ; out0             ;
; |Thunderbird|lpm_mux:Mux0|mux_3nc:auto_generated|_~31             ; |Thunderbird|lpm_mux:Mux0|mux_3nc:auto_generated|_~31             ; out0             ;
+-------------------------------------------------------------------+-------------------------------------------------------------------+------------------+


The following table displays output ports that do not toggle to 0 during simulation.
+----------------------------------------------------------------------------------------------------------------------------------------------------------+
; Missing 0-Value Coverage                                                                                                                                 ;
+-------------------------------------------------------------------+-------------------------------------------------------------------+------------------+
; Node Name                                                         ; Output Port Name                                                  ; Output Port Type ;
+-------------------------------------------------------------------+-------------------------------------------------------------------+------------------+
; |Thunderbird|lpm_mux:Mux5|mux_3nc:auto_generated|_~0              ; |Thunderbird|lpm_mux:Mux5|mux_3nc:auto_generated|_~0              ; out0             ;
; |Thunderbird|lpm_mux:Mux5|mux_3nc:auto_generated|_~2              ; |Thunderbird|lpm_mux:Mux5|mux_3nc:auto_generated|_~2              ; out0             ;
; |Thunderbird|lpm_mux:Mux5|mux_3nc:auto_generated|_~4              ; |Thunderbird|lpm_mux:Mux5|mux_3nc:auto_generated|_~4              ; out0             ;
; |Thunderbird|lpm_mux:Mux5|mux_3nc:auto_generated|_~9              ; |Thunderbird|lpm_mux:Mux5|mux_3nc:auto_generated|_~9              ; out0             ;
; |Thunderbird|lpm_mux:Mux5|mux_3nc:auto_generated|_~11             ; |Thunderbird|lpm_mux:Mux5|mux_3nc:auto_generated|_~11             ; out0             ;
; |Thunderbird|lpm_mux:Mux5|mux_3nc:auto_generated|_~13             ; |Thunderbird|lpm_mux:Mux5|mux_3nc:auto_generated|_~13             ; out0             ;
; |Thunderbird|lpm_mux:Mux5|mux_3nc:auto_generated|_~19             ; |Thunderbird|lpm_mux:Mux5|mux_3nc:auto_generated|_~19             ; out0             ;
; |Thunderbird|lpm_mux:Mux5|mux_3nc:auto_generated|_~20             ; |Thunderbird|lpm_mux:Mux5|mux_3nc:auto_generated|_~20             ; out0             ;
; |Thunderbird|lpm_mux:Mux5|mux_3nc:auto_generated|result_node[0]~0 ; |Thunderbird|lpm_mux:Mux5|mux_3nc:auto_generated|result_node[0]~0 ; out0             ;
; |Thunderbird|lpm_mux:Mux5|mux_3nc:auto_generated|_~40             ; |Thunderbird|lpm_mux:Mux5|mux_3nc:auto_generated|_~40             ; out0             ;
; |Thunderbird|lpm_mux:Mux4|mux_umc:auto_generated|_~2              ; |Thunderbird|lpm_mux:Mux4|mux_umc:auto_generated|_~2              ; out0             ;
; |Thunderbird|lpm_mux:Mux4|mux_umc:auto_generated|_~4              ; |Thunderbird|lpm_mux:Mux4|mux_umc:auto_generated|_~4              ; out0             ;
; |Thunderbird|lpm_mux:Mux4|mux_umc:auto_generated|_~10             ; |Thunderbird|lpm_mux:Mux4|mux_umc:auto_generated|_~10             ; out0             ;
; |Thunderbird|lpm_mux:Mux4|mux_umc:auto_generated|_~12             ; |Thunderbird|lpm_mux:Mux4|mux_umc:auto_generated|_~12             ; out0             ;
; |Thunderbird|lpm_mux:Mux4|mux_umc:auto_generated|result_node[0]~1 ; |Thunderbird|lpm_mux:Mux4|mux_umc:auto_generated|result_node[0]~1 ; out0             ;
; |Thunderbird|lpm_mux:Mux3|mux_3nc:auto_generated|_~0              ; |Thunderbird|lpm_mux:Mux3|mux_3nc:auto_generated|_~0              ; out0             ;
; |Thunderbird|lpm_mux:Mux3|mux_3nc:auto_generated|_~2              ; |Thunderbird|lpm_mux:Mux3|mux_3nc:auto_generated|_~2              ; out0             ;
; |Thunderbird|lpm_mux:Mux3|mux_3nc:auto_generated|_~4              ; |Thunderbird|lpm_mux:Mux3|mux_3nc:auto_generated|_~4              ; out0             ;
; |Thunderbird|lpm_mux:Mux3|mux_3nc:auto_generated|_~9              ; |Thunderbird|lpm_mux:Mux3|mux_3nc:auto_generated|_~9              ; out0             ;
; |Thunderbird|lpm_mux:Mux3|mux_3nc:auto_generated|_~11             ; |Thunderbird|lpm_mux:Mux3|mux_3nc:auto_generated|_~11             ; out0             ;
; |Thunderbird|lpm_mux:Mux3|mux_3nc:auto_generated|_~13             ; |Thunderbird|lpm_mux:Mux3|mux_3nc:auto_generated|_~13             ; out0             ;
; |Thunderbird|lpm_mux:Mux3|mux_3nc:auto_generated|_~19             ; |Thunderbird|lpm_mux:Mux3|mux_3nc:auto_generated|_~19             ; out0             ;
; |Thunderbird|lpm_mux:Mux3|mux_3nc:auto_generated|_~20             ; |Thunderbird|lpm_mux:Mux3|mux_3nc:auto_generated|_~20             ; out0             ;
; |Thunderbird|lpm_mux:Mux3|mux_3nc:auto_generated|result_node[0]~0 ; |Thunderbird|lpm_mux:Mux3|mux_3nc:auto_generated|result_node[0]~0 ; out0             ;
; |Thunderbird|lpm_mux:Mux3|mux_3nc:auto_generated|_~22             ; |Thunderbird|lpm_mux:Mux3|mux_3nc:auto_generated|_~22             ; out0             ;
; |Thunderbird|lpm_mux:Mux3|mux_3nc:auto_generated|_~24             ; |Thunderbird|lpm_mux:Mux3|mux_3nc:auto_generated|_~24             ; out0             ;
; |Thunderbird|lpm_mux:Mux3|mux_3nc:auto_generated|_~26             ; |Thunderbird|lpm_mux:Mux3|mux_3nc:auto_generated|_~26             ; out0             ;
; |Thunderbird|lpm_mux:Mux3|mux_3nc:auto_generated|_~31             ; |Thunderbird|lpm_mux:Mux3|mux_3nc:auto_generated|_~31             ; out0             ;
; |Thunderbird|lpm_mux:Mux3|mux_3nc:auto_generated|_~33             ; |Thunderbird|lpm_mux:Mux3|mux_3nc:auto_generated|_~33             ; out0             ;
; |Thunderbird|lpm_mux:Mux3|mux_3nc:auto_generated|_~35             ; |Thunderbird|lpm_mux:Mux3|mux_3nc:auto_generated|_~35             ; out0             ;
; |Thunderbird|lpm_mux:Mux3|mux_3nc:auto_generated|_~40             ; |Thunderbird|lpm_mux:Mux3|mux_3nc:auto_generated|_~40             ; out0             ;
; |Thunderbird|lpm_mux:Mux2|mux_3nc:auto_generated|_~0              ; |Thunderbird|lpm_mux:Mux2|mux_3nc:auto_generated|_~0              ; out0             ;
; |Thunderbird|lpm_mux:Mux2|mux_3nc:auto_generated|_~2              ; |Thunderbird|lpm_mux:Mux2|mux_3nc:auto_generated|_~2              ; out0             ;
; |Thunderbird|lpm_mux:Mux2|mux_3nc:auto_generated|_~4              ; |Thunderbird|lpm_mux:Mux2|mux_3nc:auto_generated|_~4              ; out0             ;
; |Thunderbird|lpm_mux:Mux2|mux_3nc:auto_generated|_~5              ; |Thunderbird|lpm_mux:Mux2|mux_3nc:auto_generated|_~5              ; out0             ;
; |Thunderbird|lpm_mux:Mux2|mux_3nc:auto_generated|_~9              ; |Thunderbird|lpm_mux:Mux2|mux_3nc:auto_generated|_~9              ; out0             ;
; |Thunderbird|lpm_mux:Mux2|mux_3nc:auto_generated|_~11             ; |Thunderbird|lpm_mux:Mux2|mux_3nc:auto_generated|_~11             ; out0             ;
; |Thunderbird|lpm_mux:Mux2|mux_3nc:auto_generated|_~13             ; |Thunderbird|lpm_mux:Mux2|mux_3nc:auto_generated|_~13             ; out0             ;
; |Thunderbird|lpm_mux:Mux2|mux_3nc:auto_generated|_~14             ; |Thunderbird|lpm_mux:Mux2|mux_3nc:auto_generated|_~14             ; out0             ;
; |Thunderbird|lpm_mux:Mux2|mux_3nc:auto_generated|_~22             ; |Thunderbird|lpm_mux:Mux2|mux_3nc:auto_generated|_~22             ; out0             ;
; |Thunderbird|lpm_mux:Mux2|mux_3nc:auto_generated|_~24             ; |Thunderbird|lpm_mux:Mux2|mux_3nc:auto_generated|_~24             ; out0             ;
; |Thunderbird|lpm_mux:Mux2|mux_3nc:auto_generated|_~26             ; |Thunderbird|lpm_mux:Mux2|mux_3nc:auto_generated|_~26             ; out0             ;
; |Thunderbird|lpm_mux:Mux2|mux_3nc:auto_generated|_~31             ; |Thunderbird|lpm_mux:Mux2|mux_3nc:auto_generated|_~31             ; out0             ;
; |Thunderbird|lpm_mux:Mux2|mux_3nc:auto_generated|_~33             ; |Thunderbird|lpm_mux:Mux2|mux_3nc:auto_generated|_~33             ; out0             ;
; |Thunderbird|lpm_mux:Mux2|mux_3nc:auto_generated|_~35             ; |Thunderbird|lpm_mux:Mux2|mux_3nc:auto_generated|_~35             ; out0             ;
; |Thunderbird|lpm_mux:Mux2|mux_3nc:auto_generated|_~41             ; |Thunderbird|lpm_mux:Mux2|mux_3nc:auto_generated|_~41             ; out0             ;
; |Thunderbird|lpm_mux:Mux2|mux_3nc:auto_generated|_~42             ; |Thunderbird|lpm_mux:Mux2|mux_3nc:auto_generated|_~42             ; out0             ;
; |Thunderbird|lpm_mux:Mux2|mux_3nc:auto_generated|result_node[0]~1 ; |Thunderbird|lpm_mux:Mux2|mux_3nc:auto_generated|result_node[0]~1 ; out0             ;
; |Thunderbird|lpm_mux:Mux1|mux_umc:auto_generated|_~0              ; |Thunderbird|lpm_mux:Mux1|mux_umc:auto_generated|_~0              ; out0             ;
; |Thunderbird|lpm_mux:Mux1|mux_umc:auto_generated|_~2              ; |Thunderbird|lpm_mux:Mux1|mux_umc:auto_generated|_~2              ; out0             ;
; |Thunderbird|lpm_mux:Mux1|mux_umc:auto_generated|_~4              ; |Thunderbird|lpm_mux:Mux1|mux_umc:auto_generated|_~4              ; out0             ;
; |Thunderbird|lpm_mux:Mux1|mux_umc:auto_generated|_~5              ; |Thunderbird|lpm_mux:Mux1|mux_umc:auto_generated|_~5              ; out0             ;
; |Thunderbird|lpm_mux:Mux1|mux_umc:auto_generated|result_node[0]~0 ; |Thunderbird|lpm_mux:Mux1|mux_umc:auto_generated|result_node[0]~0 ; out0             ;
; |Thunderbird|lpm_mux:Mux1|mux_umc:auto_generated|_~10             ; |Thunderbird|lpm_mux:Mux1|mux_umc:auto_generated|_~10             ; out0             ;
; |Thunderbird|lpm_mux:Mux1|mux_umc:auto_generated|_~12             ; |Thunderbird|lpm_mux:Mux1|mux_umc:auto_generated|_~12             ; out0             ;
; |Thunderbird|lpm_mux:Mux1|mux_umc:auto_generated|_~13             ; |Thunderbird|lpm_mux:Mux1|mux_umc:auto_generated|_~13             ; out0             ;
; |Thunderbird|lpm_mux:Mux0|mux_3nc:auto_generated|_~0              ; |Thunderbird|lpm_mux:Mux0|mux_3nc:auto_generated|_~0              ; out0             ;
; |Thunderbird|lpm_mux:Mux0|mux_3nc:auto_generated|_~5              ; |Thunderbird|lpm_mux:Mux0|mux_3nc:auto_generated|_~5              ; out0             ;
; |Thunderbird|lpm_mux:Mux0|mux_3nc:auto_generated|_~9              ; |Thunderbird|lpm_mux:Mux0|mux_3nc:auto_generated|_~9              ; out0             ;
; |Thunderbird|lpm_mux:Mux0|mux_3nc:auto_generated|_~14             ; |Thunderbird|lpm_mux:Mux0|mux_3nc:auto_generated|_~14             ; out0             ;
; |Thunderbird|lpm_mux:Mux0|mux_3nc:auto_generated|_~22             ; |Thunderbird|lpm_mux:Mux0|mux_3nc:auto_generated|_~22             ; out0             ;
; |Thunderbird|lpm_mux:Mux0|mux_3nc:auto_generated|_~31             ; |Thunderbird|lpm_mux:Mux0|mux_3nc:auto_generated|_~31             ; out0             ;
+-------------------------------------------------------------------+-------------------------------------------------------------------+------------------+


+---------------------+
; Simulator INI Usage ;
+--------+------------+
; Option ; Usage      ;
+--------+------------+


+--------------------+
; Simulator Messages ;
+--------------------+
Info: *******************************************************************
Info: Running Quartus II 64-Bit Simulator
    Info: Version 13.0.1 Build 232 06/12/2013 Service Pack 1 SJ Web Edition
    Info: Processing started: Thu Oct 10 14:28:44 2019
Info: Command: quartus_sim --simulation_results_format=VWF thunderbird -c thunderbird
Info (324025): Using vector source file "D:/Users/geral/Documents/UNICAMP/Matérias/2019-2S/EB411 - Circuitos Digitais II/Mini_Projetos/thunderbird/Waveform2.vwf"
Warning (328014): Can't find node "LEDR[2]" for functional simulation. Ignored vector source file node.
Warning (328014): Can't find node "LEDR[1]" for functional simulation. Ignored vector source file node.
Warning (328014): Can't find node "LEDR[0]" for functional simulation. Ignored vector source file node.
Warning (328012): Can't find signal in vector source file for input pin "|Thunderbird|SW[2]"
Warning (328012): Can't find signal in vector source file for input pin "|Thunderbird|SW[3]"
Warning (328012): Can't find signal in vector source file for input pin "|Thunderbird|SW[4]"
Warning (328012): Can't find signal in vector source file for input pin "|Thunderbird|SW[5]"
Warning (328012): Can't find signal in vector source file for input pin "|Thunderbird|SW[6]"
Warning (328012): Can't find signal in vector source file for input pin "|Thunderbird|SW[7]"
Warning (328012): Can't find signal in vector source file for input pin "|Thunderbird|SW[8]"
Warning (328012): Can't find signal in vector source file for input pin "|Thunderbird|SW[9]"
Info (310003): Option to preserve fewer signal transitions to reduce memory requirements is enabled
    Info (310004): Simulation has been partitioned into sub-simulations according to the maximum transition count determined by the engine. Transitions from memory will be flushed out to disk at the end of each sub-simulation to reduce memory requirements.
Info (310002): Simulation partitioned into 1 sub-simulations
Info (328053): Simulation coverage is      77.04 %
Info (328052): Number of transitions in simulation is 1373
Info (324045): Vector file thunderbird.sim.vwf is saved in VWF text format. You can compress it into CVWF format in order to reduce file size. For more details please refer to the Quartus II Help.
Info: Quartus II 64-Bit Simulator was successful. 0 errors, 11 warnings
    Info: Peak virtual memory: 4463 megabytes
    Info: Processing ended: Thu Oct 10 14:28:45 2019
    Info: Elapsed time: 00:00:01
    Info: Total CPU time (on all processors): 00:00:01


